// Jest Snapshot v1, https://goo.gl/fbAQLP

exports[`Appbar does not pass any additional props to Searchbar 1`] = `
<View
  collapsable={false}
  style={
    Object {
      "alignSelf": undefined,
      "bottom": undefined,
      "left": undefined,
      "position": undefined,
      "right": undefined,
      "shadowColor": "#000",
      "shadowOffset": Object {
        "height": 0,
        "width": 0,
      },
      "shadowOpacity": 0,
      "shadowRadius": 0,
      "top": undefined,
    }
  }
>
  <View
    collapsable={false}
    style={
      Object {
        "shadowColor": "#000",
        "shadowOffset": Object {
          "height": 0,
          "width": 0,
        },
        "shadowOpacity": 0,
        "shadowRadius": 0,
      }
    }
  >
    <View
      collapsable={false}
      style={
        Object {
          "alignItems": "center",
          "backgroundColor": "rgba(255, 251, 254, 1)",
          "flexDirection": "row",
          "height": 64,
          "paddingBottom": undefined,
          "paddingHorizontal": 4,
          "paddingLeft": undefined,
          "paddingRight": undefined,
          "paddingTop": undefined,
        }
      }
    >
      <View
        collapsable={false}
        style={
          Object {
            "alignSelf": undefined,
            "bottom": undefined,
            "left": undefined,
            "position": undefined,
            "right": undefined,
            "shadowColor": "#000",
            "shadowOffset": Object {
              "height": 0,
              "width": 0,
            },
            "shadowOpacity": 0,
            "shadowRadius": 0,
            "top": undefined,
          }
        }
      >
        <View
          collapsable={false}
          style={
            Object {
              "shadowColor": "#000",
              "shadowOffset": Object {
                "height": 0,
                "width": 0,
              },
              "shadowOpacity": 0,
              "shadowRadius": 0,
            }
          }
        >
          <View
            collapsable={false}
            style={
              Object {
                "alignItems": "center",
                "backgroundColor": "rgb(238, 232, 244)",
                "borderRadius": 28,
                "flexDirection": "row",
              }
            }
            testID="search-bar-container"
          >
            <View
              collapsable={false}
              style={
                Object {
                  "alignSelf": undefined,
                  "bottom": undefined,
                  "left": undefined,
                  "position": undefined,
                  "right": undefined,
                  "shadowColor": "#000",
                  "shadowOffset": Object {
                    "height": 0,
                    "width": 0,
                  },
                  "shadowOpacity": 0,
                  "shadowRadius": 0,
                  "top": undefined,
                }
              }
            >
              <View
                collapsable={false}
                style={
                  Object {
                    "shadowColor": "#000",
                    "shadowOffset": Object {
                      "height": 0,
                      "width": 0,
                    },
                    "shadowOpacity": 0,
                    "shadowRadius": 0,
                  }
                }
              >
                <View
                  collapsable={false}
                  style={
                    Object {
                      "backgroundColor": undefined,
                      "borderColor": "rgba(121, 116, 126, 1)",
                      "borderRadius": 20,
                      "borderWidth": 0,
                      "elevation": 0,
                      "height": 40,
                      "margin": 6,
                      "overflow": "hidden",
                      "width": 40,
                    }
                  }
                >
                  <View
                    accessibilityComponentType="button"
                    accessibilityLabel="search"
                    accessibilityRole="button"
                    accessibilityState={
                      Object {
                        "disabled": true,
                      }
                    }
                    accessibilityTraits="button"
                    accessible={true}
                    centered={true}
                    collapsable={false}
                    focusable={true}
                    hitSlop={
                      Object {
                        "bottom": 6,
                        "left": 6,
                        "right": 6,
                        "top": 6,
                      }
                    }
                    onBlur={[Function]}
                    onClick={[Function]}
                    onFocus={[Function]}
                    onResponderGrant={[Function]}
                    onResponderMove={[Function]}
                    onResponderRelease={[Function]}
                    onResponderTerminate={[Function]}
                    onResponderTerminationRequest={[Function]}
                    onStartShouldSetResponder={[Function]}
                    style={
                      Array [
                        Object {
                          "overflow": "hidden",
                        },
                        false,
                        Object {
                          "alignItems": "center",
                          "flexGrow": 1,
                          "justifyContent": "center",
                        },
                      ]
                    }
                  >
                    <Text
                      accessibilityElementsHidden={true}
                      allowFontScaling={false}
                      importantForAccessibility="no-hide-descendants"
                      pointerEvents="none"
                      selectable={false}
                      style={
                        Array [
                          Object {
                            "color": "rgba(73, 69, 79, 1)",
                            "fontSize": 24,
                          },
                          Array [
                            Object {
                              "lineHeight": 24,
                              "transform": Array [
                                Object {
                                  "scaleX": 1,
                                },
                              ],
                            },
                            Object {
                              "backgroundColor": "transparent",
                            },
                          ],
                          Object {
                            "fontFamily": "Material Design Icons",
                            "fontStyle": "normal",
                            "fontWeight": "normal",
                          },
                          Object {},
                        ]
                      }
                    >
                      Û∞çâ
                    </Text>
                  </View>
                </View>
              </View>
            </View>
            <TextInput
              accessibilityRole="search"
              keyboardAppearance="light"
              placeholder="Search"
              placeholderTextColor="rgba(28, 27, 31, 1)"
              returnKeyType="search"
              selectionColor="rgba(103, 80, 164, 1)"
              style={
                Array [
                  Object {
                    "alignSelf": "stretch",
                    "flex": 1,
                    "fontSize": 18,
                    "minWidth": 0,
                    "paddingLeft": 8,
                    "textAlign": "left",
                  },
                  Object {
                    "color": "rgba(73, 69, 79, 1)",
                    "fontFamily": "System",
                    "fontSize": 16,
                    "fontWeight": "400",
                    "letterSpacing": 0.15,
                    "lineHeight": 24,
                  },
                  Object {
                    "minHeight": 56,
                    "paddingLeft": 0,
                  },
                  undefined,
                ]
              }
              testID="search-bar"
              underlineColorAndroid="transparent"
            />
            <View
              pointerEvents="none"
              style={
                Array [
                  Object {
                    "marginLeft": 16,
                    "position": "absolute",
                    "right": 0,
                  },
                  false,
                ]
              }
              testID="search-bar-icon-wrapper"
            >
              <View
                collapsable={false}
                style={
                  Object {
                    "alignSelf": undefined,
                    "bottom": undefined,
                    "left": undefined,
                    "position": undefined,
                    "right": undefined,
                    "shadowColor": "#000",
                    "shadowOffset": Object {
                      "height": 0,
                      "width": 0,
                    },
                    "shadowOpacity": 0,
                    "shadowRadius": 0,
                    "top": undefined,
                  }
                }
              >
                <View
                  collapsable={false}
                  style={
                    Object {
                      "shadowColor": "#000",
                      "shadowOffset": Object {
                        "height": 0,
                        "width": 0,
                      },
                      "shadowOpacity": 0,
                      "shadowRadius": 0,
                    }
                  }
                >
                  <View
                    collapsable={false}
                    style={
                      Object {
                        "backgroundColor": undefined,
                        "borderColor": "rgba(121, 116, 126, 1)",
                        "borderRadius": 20,
                        "borderWidth": 0,
                        "elevation": 0,
                        "height": 40,
                        "margin": 6,
                        "overflow": "hidden",
                        "width": 40,
                      }
                    }
                  >
                    <View
                      accessibilityComponentType="button"
                      accessibilityLabel="clear"
                      accessibilityRole="button"
                      accessibilityState={
                        Object {
                          "disabled": false,
                        }
                      }
                      accessibilityTraits="button"
                      accessible={true}
                      centered={true}
                      collapsable={false}
                      focusable={true}
                      hitSlop={
                        Object {
                          "bottom": 6,
                          "left": 6,
                          "right": 6,
                          "top": 6,
                        }
                      }
                      onBlur={[Function]}
                      onClick={[Function]}
                      onFocus={[Function]}
                      onResponderGrant={[Function]}
                      onResponderMove={[Function]}
                      onResponderRelease={[Function]}
                      onResponderTerminate={[Function]}
                      onResponderTerminationRequest={[Function]}
                      onStartShouldSetResponder={[Function]}
                      style={
                        Array [
                          Object {
                            "overflow": "hidden",
                          },
                          false,
                          Object {
                            "alignItems": "center",
                            "flexGrow": 1,
                            "justifyContent": "center",
                          },
                        ]
                      }
                    >
                      <Text
                        accessibilityElementsHidden={true}
                        allowFontScaling={false}
                        importantForAccessibility="no-hide-descendants"
                        pointerEvents="none"
                        selectable={false}
                        style={
                          Array [
                            Object {
                              "color": "rgba(255, 255, 255, 0)",
                              "fontSize": 24,
                            },
                            Array [
                              Object {
                                "lineHeight": 24,
                                "transform": Array [
                                  Object {
                                    "scaleX": 1,
                                  },
                                ],
                              },
                              Object {
                                "backgroundColor": "transparent",
                              },
                            ],
                            Object {
                              "fontFamily": "Material Design Icons",
                              "fontStyle": "normal",
                              "fontWeight": "normal",
                            },
                            Object {},
                          ]
                        }
                      >
                        Û∞Öñ
                      </Text>
                    </View>
                  </View>
                </View>
              </View>
            </View>
          </View>
        </View>
      </View>
    </View>
  </View>
</View>
`;

exports[`Appbar passes additional props to AppbarBackAction, AppbarContent and AppbarAction 1`] = `
<View
  collapsable={false}
  style={
    Object {
      "alignSelf": undefined,
      "bottom": undefined,
      "left": undefined,
      "position": undefined,
      "right": undefined,
      "shadowColor": "#000",
      "shadowOffset": Object {
        "height": 0,
        "width": 0,
      },
      "shadowOpacity": 0,
      "shadowRadius": 0,
      "top": undefined,
    }
  }
>
  <View
    collapsable={false}
    style={
      Object {
        "shadowColor": "#000",
        "shadowOffset": Object {
          "height": 0,
          "width": 0,
        },
        "shadowOpacity": 0,
        "shadowRadius": 0,
      }
    }
  >
    <View
      collapsable={false}
      style={
        Object {
          "alignItems": "center",
          "backgroundColor": "rgba(255, 251, 254, 1)",
          "flexDirection": "row",
          "height": 64,
          "paddingBottom": undefined,
          "paddingHorizontal": 4,
          "paddingLeft": undefined,
          "paddingRight": undefined,
          "paddingTop": undefined,
        }
      }
    >
      <View
        collapsable={false}
        style={
          Object {
            "alignSelf": undefined,
            "bottom": undefined,
            "left": undefined,
            "position": undefined,
            "right": undefined,
            "shadowColor": "#000",
            "shadowOffset": Object {
              "height": 0,
              "width": 0,
            },
            "shadowOpacity": 0,
            "shadowRadius": 0,
            "top": undefined,
          }
        }
      >
        <View
          collapsable={false}
          style={
            Object {
              "shadowColor": "#000",
              "shadowOffset": Object {
                "height": 0,
                "width": 0,
              },
              "shadowOpacity": 0,
              "shadowRadius": 0,
            }
          }
        >
          <View
            collapsable={false}
            style={
              Object {
                "backgroundColor": undefined,
                "borderColor": "rgba(121, 116, 126, 1)",
                "borderRadius": 20,
                "borderWidth": 0,
                "elevation": 0,
                "height": 40,
                "margin": 6,
                "overflow": "hidden",
                "width": 40,
              }
            }
          >
            <View
              accessibilityComponentType="button"
              accessibilityLabel="Back"
              accessibilityRole="button"
              accessibilityState={
                Object {
                  "disabled": false,
                }
              }
              accessibilityTraits="button"
              accessible={true}
              centered={true}
              collapsable={false}
              focusable={true}
              hitSlop={
                Object {
                  "bottom": 6,
                  "left": 6,
                  "right": 6,
                  "top": 6,
                }
              }
              onBlur={[Function]}
              onClick={[Function]}
              onFocus={[Function]}
              onResponderGrant={[Function]}
              onResponderMove={[Function]}
              onResponderRelease={[Function]}
              onResponderTerminate={[Function]}
              onResponderTerminationRequest={[Function]}
              onStartShouldSetResponder={[Function]}
              style={
                Array [
                  Object {
                    "overflow": "hidden",
                  },
                  false,
                  Object {
                    "alignItems": "center",
                    "flexGrow": 1,
                    "justifyContent": "center",
                  },
                ]
              }
            >
              <View
                style={
                  Array [
                    Object {
                      "alignItems": "center",
                      "justifyContent": "center",
                    },
                    Object {
                      "height": 24,
                      "width": 24,
                    },
                  ]
                }
              >
                <View
                  collapsable={false}
                  style={
                    Object {
                      "bottom": 0,
                      "left": 0,
                      "opacity": 1,
                      "position": "absolute",
                      "right": 0,
                      "top": 0,
                      "transform": Array [
                        Object {
                          "rotate": "0deg",
                        },
                      ],
                    }
                  }
                >
                  <View
                    style={
                      Array [
                        Object {
                          "alignItems": "center",
                          "justifyContent": "center",
                        },
                        Object {
                          "height": 24,
                          "transform": Array [
                            Object {
                              "scaleX": 1,
                            },
                          ],
                          "width": 24,
                        },
                      ]
                    }
                  >
                    <Image
                      accessibilityIgnoresInvertColors={true}
                      source={
                        Object {
                          "testUri": "../../../src/assets/back-chevron.png",
                        }
                      }
                      style={
                        Array [
                          Object {
                            "resizeMode": "contain",
                          },
                          Object {
                            "height": 21,
                            "tintColor": "rgba(28, 27, 31, 1)",
                            "width": 21,
                          },
                        ]
                      }
                    />
                  </View>
                </View>
              </View>
            </View>
          </View>
        </View>
      </View>
      <View
        accessibilityRole="button"
        accessibilityState={
          Object {
            "disabled": true,
          }
        }
        accessible={true}
        focusable={false}
        onClick={[Function]}
        onResponderGrant={[Function]}
        onResponderMove={[Function]}
        onResponderRelease={[Function]}
        onResponderTerminate={[Function]}
        onResponderTerminationRequest={[Function]}
        onStartShouldSetResponder={[Function]}
        pointerEvents="box-none"
        style={
          Array [
            Object {
              "flex": 1,
              "paddingHorizontal": 12,
            },
            Object {
              "paddingHorizontal": 0,
            },
            Array [
              false,
              false,
              undefined,
            ],
          ]
        }
      >
        <Text
          accessibilityRole="header"
          accessible={true}
          numberOfLines={1}
          style={
            Array [
              Object {
                "color": "rgba(28, 27, 31, 1)",
                "fontFamily": "System",
                "fontSize": 22,
                "fontWeight": "400",
                "letterSpacing": 0,
                "lineHeight": 28,
              },
              Object {
                "textAlign": "left",
              },
              Object {
                "writingDirection": "ltr",
              },
              Array [
                Object {
                  "color": "rgba(28, 27, 31, 1)",
                  "fontFamily": "System",
                  "fontSize": 22,
                  "fontWeight": "400",
                  "letterSpacing": 0,
                  "lineHeight": 28,
                },
                false,
                undefined,
              ],
            ]
          }
        >
          Examples
        </Text>
      </View>
      <View
        collapsable={false}
        style={
          Object {
            "alignSelf": undefined,
            "bottom": undefined,
            "left": undefined,
            "position": undefined,
            "right": undefined,
            "shadowColor": "#000",
            "shadowOffset": Object {
              "height": 0,
              "width": 0,
            },
            "shadowOpacity": 0,
            "shadowRadius": 0,
            "top": undefined,
          }
        }
      >
        <View
          collapsable={false}
          style={
            Object {
              "shadowColor": "#000",
              "shadowOffset": Object {
                "height": 0,
                "width": 0,
              },
              "shadowOpacity": 0,
              "shadowRadius": 0,
            }
          }
        >
          <View
            collapsable={false}
            style={
              Object {
                "backgroundColor": undefined,
                "borderColor": "rgba(121, 116, 126, 1)",
                "borderRadius": 20,
                "borderWidth": 0,
                "elevation": 0,
                "height": 40,
                "margin": 6,
                "overflow": "hidden",
                "width": 40,
              }
            }
          >
            <View
              accessibilityComponentType="button"
              accessibilityRole="button"
              accessibilityState={
                Object {
                  "disabled": false,
                }
              }
              accessibilityTraits="button"
              accessible={true}
              centered={true}
              collapsable={false}
              focusable={true}
              hitSlop={
                Object {
                  "bottom": 6,
                  "left": 6,
                  "right": 6,
                  "top": 6,
                }
              }
              onBlur={[Function]}
              onClick={[Function]}
              onFocus={[Function]}
              onResponderGrant={[Function]}
              onResponderMove={[Function]}
              onResponderRelease={[Function]}
              onResponderTerminate={[Function]}
              onResponderTerminationRequest={[Function]}
              onStartShouldSetResponder={[Function]}
              style={
                Array [
                  Object {
                    "overflow": "hidden",
                  },
                  false,
                  Object {
                    "alignItems": "center",
                    "flexGrow": 1,
                    "justifyContent": "center",
                  },
                ]
              }
            >
              <View
                style={
                  Array [
                    Object {
                      "alignItems": "center",
                      "justifyContent": "center",
                    },
                    Object {
                      "height": 24,
                      "width": 24,
                    },
                  ]
                }
              >
                <View
                  collapsable={false}
                  style={
                    Object {
                      "bottom": 0,
                      "left": 0,
                      "opacity": 1,
                      "position": "absolute",
                      "right": 0,
                      "top": 0,
                      "transform": Array [
                        Object {
                          "rotate": "0deg",
                        },
                      ],
                    }
                  }
                >
                  <Text
                    accessibilityElementsHidden={true}
                    allowFontScaling={false}
                    importantForAccessibility="no-hide-descendants"
                    pointerEvents="none"
                    selectable={false}
                    style={
                      Array [
                        Object {
                          "color": "rgba(73, 69, 79, 1)",
                          "fontSize": 24,
                        },
                        Array [
                          Object {
                            "lineHeight": 24,
                            "transform": Array [
                              Object {
                                "scaleX": 1,
                              },
                            ],
                          },
                          Object {
                            "backgroundColor": "transparent",
                          },
                        ],
                        Object {
                          "fontFamily": "Material Design Icons",
                          "fontStyle": "normal",
                          "fontWeight": "normal",
                        },
                        Object {},
                      ]
                    }
                  >
                    Û∞çú
                  </Text>
                </View>
              </View>
            </View>
          </View>
        </View>
      </View>
    </View>
  </View>
</View>
`;
